<<<<<<< HEAD
alo
=======
>>>>>>> parent of 4cc5f62... commit
